[caseiroslucrativos.online/ic/index.html]
[backblue.gif]
[fade.gif]
[index.html]
[caseiroslucrativos.online/wp-content/plugins/elementor/assets/lib/eicons/css/elementor-icons.min91ce.css]
[caseiroslucrativos.online/wp-content/plugins/elementor/assets/css/frontend-lite.min7e2e.css]
[caseiroslucrativos.online/wp-content/uploads/elementor/css/post-6dd82.css]
[caseiroslucrativos.online/wp-content/plugins/elementor-pro/assets/css/frontend-lite.min1ac1.css]
[caseiroslucrativos.online/wp-content/uploads/elementor/css/globala978.css]
[caseiroslucrativos.online/wp-content/uploads/elementor/css/post-77e6e0.css]
[caseiroslucrativos.online/wp-content/plugins/elementor/assets/lib/font-awesome/css/fontawesome.min52d5.css]
[caseiroslucrativos.online/wp-content/plugins/elementor/assets/lib/font-awesome/css/regular.min52d5.css]
[caseiroslucrativos.online/wp-content/plugins/elementor/assets/lib/font-awesome/css/solid.min52d5.css]
[caseiroslucrativos.online/wp-includes/js/jquery/jquery.mina7a0.js]
[caseiroslucrativos.online/wp-includes/js/jquery/jquery-migrate.mind617.js]
[caseiroslucrativos.online/wp-content/plugins/pixelyoursite/dist/scripts/jquery.bind-first-0.2.3.min6a4d.js]
[caseiroslucrativos.online/wp-content/plugins/pixelyoursite/dist/scripts/js.cookie-2.1.3.min4c71.js]
[caseiroslucrativos.online/wp-content/plugins/pixelyoursite/dist/scripts/public504d.js]
[caseiroslucrativos.online/wp-content/uploads/2022/11/TITULO-IOGURTE.png]
[images.converteai.net/3c59b485-a98d-4f4a-9962-e77fe81602ea/players/638010caa5b479000af11105/thumbnail.jpg]
[scripts.converteai.net/3c59b485-a98d-4f4a-9962-e77fe81602ea/players/638010caa5b479000af11105/player.js]
[caseiroslucrativos.online/wp-content/plugins/elementor/assets/css/widget-icon-box.min.css]
[caseiroslucrativos.online/wp-content/uploads/2022/11/IMG-YGT-03-1024x379.png]
[caseiroslucrativos.online/wp-content/plugins/elementor/assets/css/widget-icon-list.min.css]
[caseiroslucrativos.online/wp-content/uploads/2022/11/ICONES-REGUA-1-1.png]
[caseiroslucrativos.online/wp-content/uploads/2022/11/MOckup3D-1-min-1024x1024.png]
[caseiroslucrativos.online/wp-content/plugins/elementor-pro/assets/css/widget-animated-headline.min.css]
[caseiroslucrativos.online/wp-content/uploads/2022/11/selo-1024x1024.png]
[caseiroslucrativos.online/wp-content/plugins/elementor/assets/lib/animations/animations.min7e2e.css]
[caseiroslucrativos.online/wp-content/plugins/elementor-pro/assets/js/webpack-pro.runtime.min1ac1.js]
[caseiroslucrativos.online/wp-content/plugins/elementor/assets/js/webpack.runtime.min7e2e.js]
[caseiroslucrativos.online/wp-content/plugins/elementor/assets/js/frontend-modules.min7e2e.js]
[caseiroslucrativos.online/wp-includes/js/dist/vendor/regenerator-runtime.min3937.js]
[caseiroslucrativos.online/wp-includes/js/dist/vendor/wp-polyfill.min2c7c.js]
[caseiroslucrativos.online/wp-includes/js/dist/hooks.min6c65.js]
[caseiroslucrativos.online/wp-includes/js/dist/i18n.mine57b.js]
[caseiroslucrativos.online/wp-content/plugins/elementor-pro/assets/js/frontend.min1ac1.js]
[caseiroslucrativos.online/wp-content/plugins/elementor/assets/lib/waypoints/waypoints.min05da.js]
[caseiroslucrativos.online/wp-includes/js/jquery/ui/core.min3f14.js]
[caseiroslucrativos.online/wp-content/plugins/elementor/assets/js/frontend.min7e2e.js]
[caseiroslucrativos.online/wp-content/plugins/elementor-pro/assets/js/elements-handlers.min1ac1.js]
[caseiroslucrativos.online/wp-includes/js/underscore.mind584.js]
[caseiroslucrativos.online/wp-includes/js/wp-util.min6a4d.js]
[caseiroslucrativos.online/wp-content/plugins/wpforms-lite/assets/js/integrations/elementor/frontend.min725d.js]
[caseiroslucrativos.online/ic/index.html]
[caseiroslucrativos.online/wp-content/plugins/elementor/assets/lib/eicons/css/elementor-icons.min91ce.css]
[caseiroslucrativos.online/wp-content/plugins/elementor/assets/css/frontend-lite.min7e2e.css]
[caseiroslucrativos.online/wp-content/uploads/elementor/css/post-6dd82.css]
[caseiroslucrativos.online/wp-content/plugins/elementor-pro/assets/css/frontend-lite.min1ac1.css]
[caseiroslucrativos.online/wp-content/uploads/elementor/css/globala978.css]
[caseiroslucrativos.online/wp-content/uploads/2022/11/BLOCO-01-YOGURTE-BKG.jpg]
[caseiroslucrativos.online/wp-content/uploads/2022/11/BLOCO-02-YOGURTE.jpg]
[caseiroslucrativos.online/wp-content/uploads/2022/11/88A74.jpg]
[caseiroslucrativos.online/wp-content/uploads/2022/11/BLOCO-05-YOGURTE.jpg]
[caseiroslucrativos.online/wp-content/uploads/2022/11/BLOCO-03-BOLO.jpg]
[caseiroslucrativos.online/wp-content/uploads/2022/11/BLOCO-04-BKG-2.jpg]
[caseiroslucrativos.online/wp-content/uploads/elementor/css/post-77e6e0.css]
[caseiroslucrativos.online/wp-content/plugins/elementor/assets/lib/font-awesome/css/fontawesome.min52d5.css]
[caseiroslucrativos.online/wp-content/plugins/elementor/assets/lib/font-awesome/css/regular.min52d5.css]
[caseiroslucrativos.online/wp-content/plugins/elementor/assets/lib/font-awesome/css/solid.min52d5.css]
[caseiroslucrativos.online/wp-includes/js/jquery/jquery.mina7a0.js]
[caseiroslucrativos.online/wp-includes/js/jquery/jquery-migrate.mind617.js]
[caseiroslucrativos.online/wp-content/plugins/pixelyoursite/dist/scripts/jquery.bind-first-0.2.3.min6a4d.js]
[caseiroslucrativos.online/wp-content/plugins/pixelyoursite/dist/scripts/js.cookie-2.1.3.min4c71.js]
[caseiroslucrativos.online/wp-content/plugins/pixelyoursite/dist/scripts/public504d.js]
[caseiroslucrativos.online/wp-content/plugins/elementor/assets/css/widget-icon-box.min.css]
[caseiroslucrativos.online/wp-content/plugins/elementor/assets/css/widget-icon-list.min.css]
[caseiroslucrativos.online/wp-content/plugins/elementor-pro/assets/css/widget-animated-headline.min.css]
[caseiroslucrativos.online/wp-content/plugins/elementor/assets/lib/animations/animations.min7e2e.css]
[caseiroslucrativos.online/wp-content/plugins/elementor-pro/assets/js/webpack-pro.runtime.min1ac1.js]
[caseiroslucrativos.online/wp-content/plugins/elementor/assets/js/webpack.runtime.min7e2e.js]
[caseiroslucrativos.online/wp-content/plugins/elementor/assets/js/frontend-modules.min7e2e.js]
[caseiroslucrativos.online/wp-includes/js/dist/vendor/regenerator-runtime.min3937.js]
[caseiroslucrativos.online/wp-includes/js/dist/vendor/wp-polyfill.min2c7c.js]
[caseiroslucrativos.online/wp-includes/js/dist/hooks.min6c65.js]
[caseiroslucrativos.online/wp-includes/js/dist/i18n.mine57b.js]
[caseiroslucrativos.online/wp-content/plugins/elementor-pro/assets/js/frontend.min1ac1.js]
[caseiroslucrativos.online/wp-content/plugins/elementor/assets/lib/waypoints/waypoints.min05da.js]
[caseiroslucrativos.online/wp-includes/js/jquery/ui/core.min3f14.js]
[connect.facebook.net/en_US/fbevents.js]
[caseiroslucrativos.online/ic/-negative.svg]
[caseiroslucrativos.online/wp-content/plugins/elementor/assets/js/frontend.min7e2e.js]
[caseiroslucrativos.online/wp-content/plugins/elementor-pro/assets/js/elements-handlers.min1ac1.js]
[caseiroslucrativos.online/wp-includes/js/underscore.mind584.js]
[caseiroslucrativos.online/wp-includes/js/wp-util.min6a4d.js]
[caseiroslucrativos.online/wp-content/plugins/wpforms-lite/assets/js/integrations/elementor/frontend.min725d.js]
[connect.facebook.net/en_US/fbevents.js]
[caseiroslucrativos.online/ic/-negative.html]
[caseiroslucrativos.online/ic/OPR/index.html]
[caseiroslucrativos.online/ic/OPR/index.html]
